Running validation for model: AORC_21_31
cuda
1981
final shape (365, 24, 21, 31)
final shape (365, 24, 21, 31)
final shape (365, 24, 21, 31)
final shape (366, 24, 21, 31)
final shape (365, 24, 21, 31)
(1825, 1, 21, 31)
final shape (365, 24, 126, 186)
final shape (365, 24, 126, 186)
final shape (365, 24, 126, 186)
final shape (366, 24, 126, 186)
final shape (365, 24, 126, 186)
(1825, 1, 63, 93)
(607, 1, 5, 21, 31)
(607, 1, 3, 63, 93)
/vast/jl14811/myenv/lib/python3.13/site-packages/torch/_dynamo/eval_frame.py:745: UserWarning: torch.utils.checkpoint: the use_reentrant parameter should be passed explicitly. In version 2.5 we will raise an exception if use_reentrant is not passed. use_reentrant=False is recommended, but if you need to preserve the current default behavior, you can pass use_reentrant=True. Refer to docs for more details on the differences between the two variants.
  return fn(*args, **kwargs)
/vast/jl14811/myenv/lib/python3.13/site-packages/torch/utils/checkpoint.py:87: UserWarning: None of the inputs have requires_grad=True. Gradients will be None
  warnings.warn(
